// Jest Snapshot v1, https://goo.gl/fbAQLP

exports[`FormInput renders properly 1`] = `
<div>
  <label
    class="inputLabel"
  >
    input
    <input
      aria-label="input"
      class="inputField"
      type="text"
    />
  </label>
</div>
`;
