// Jest Snapshot v1, https://goo.gl/fbAQLP

exports[`Snackbar renders properly 1`] = `
<div>
  <div
    class="snackbar "
  />
</div>
`;
